[36mvite v7.3.0 [32mbuilding client environment for production...[36m[39m
transforming...
[32m✓[39m 2640 modules transformed.
rendering chunks...
computing gzip size...
[2mdist/[22m[32mindex.html                                    [39m[1m[2m  1.95 kB[22m[1m[22m[2m │ gzip:   0.73 kB[22m
[2mdist/[22m[35massets/EAuctionPage-DcFhgcQ8.css              [39m[1m[2m 11.13 kB[22m[1m[22m[2m │ gzip:   2.84 kB[22m
[2mdist/[22m[35massets/index-Drmz_Jr6.css                     [39m[1m[2m173.60 kB[22m[1m[22m[2m │ gzip:  27.70 kB[22m
[2mdist/[22m[36massets/share-Bl5cYiwl.js                      [39m[1m[2m  0.42 kB[22m[1m[22m[2m │ gzip:   0.23 kB[22m
[2mdist/[22m[36massets/supportProgramApi-BInppT7C.js          [39m[1m[2m  0.56 kB[22m[1m[22m[2m │ gzip:   0.31 kB[22m
[2mdist/[22m[36massets/promotionsApi-B19dp9d5.js              [39m[1m[2m  0.69 kB[22m[1m[22m[2m │ gzip:   0.36 kB[22m
[2mdist/[22m[36massets/textarea-DzMDtYl_.js                   [39m[1m[2m  0.73 kB[22m[1m[22m[2m │ gzip:   0.45 kB[22m
[2mdist/[22m[36massets/geoApi-CncJ8tbu.js                     [39m[1m[2m  0.78 kB[22m[1m[22m[2m │ gzip:   0.35 kB[22m
[2mdist/[22m[36massets/mediaUploadApi-Bj8rtHPB.js             [39m[1m[2m  0.80 kB[22m[1m[22m[2m │ gzip:   0.50 kB[22m
[2mdist/[22m[36massets/infraSubscriptionsApi-B2erhz21.js      [39m[1m[2m  0.89 kB[22m[1m[22m[2m │ gzip:   0.41 kB[22m
[2mdist/[22m[36massets/InsightsTabs-CWxckVVa.js               [39m[1m[2m  1.00 kB[22m[1m[22m[2m │ gzip:   0.50 kB[22m
[2mdist/[22m[36massets/switch-bGbj1-gi.js                     [39m[1m[2m  1.06 kB[22m[1m[22m[2m │ gzip:   0.54 kB[22m
[2mdist/[22m[36massets/checkbox-BOcxh3ck.js                   [39m[1m[2m  1.12 kB[22m[1m[22m[2m │ gzip:   0.54 kB[22m
[2mdist/[22m[36massets/badge-GYEkpR9v.js                      [39m[1m[2m  1.29 kB[22m[1m[22m[2m │ gzip:   0.65 kB[22m
[2mdist/[22m[36massets/rentalsSavedStore-zKrxtrYv.js          [39m[1m[2m  1.31 kB[22m[1m[22m[2m │ gzip:   0.66 kB[22m
[2mdist/[22m[36massets/views-D3eGYuKo.js                      [39m[1m[2m  1.48 kB[22m[1m[22m[2m │ gzip:   0.61 kB[22m
[2mdist/[22m[36massets/table-mWGiKUdb.js                      [39m[1m[2m  1.59 kB[22m[1m[22m[2m │ gzip:   0.57 kB[22m
[2mdist/[22m[36massets/tabs-D5kE4zEq.js                       [39m[1m[2m  1.60 kB[22m[1m[22m[2m │ gzip:   0.67 kB[22m
[2mdist/[22m[36massets/slider-B-y94uiU.js                     [39m[1m[2m  1.61 kB[22m[1m[22m[2m │ gzip:   0.71 kB[22m
[2mdist/[22m[36massets/favoritesStore-BNeChAm8.js             [39m[1m[2m  1.88 kB[22m[1m[22m[2m │ gzip:   0.82 kB[22m
[2mdist/[22m[36massets/insightsApi-B1YjS3-X.js                [39m[1m[2m  1.89 kB[22m[1m[22m[2m │ gzip:   0.60 kB[22m
[2mdist/[22m[36massets/imageUpload-DE_vDh8w.js                [39m[1m[2m  1.97 kB[22m[1m[22m[2m │ gzip:   0.73 kB[22m
[2mdist/[22m[36massets/compareStore-DjSphSuS.js               [39m[1m[2m  2.06 kB[22m[1m[22m[2m │ gzip:   0.92 kB[22m
[2mdist/[22m[36massets/seo-DHV5lFT3.js                        [39m[1m[2m  2.06 kB[22m[1m[22m[2m │ gzip:   0.82 kB[22m
[2mdist/[22m[36massets/AmenitySelector-CS3uur6F.js            [39m[1m[2m  2.08 kB[22m[1m[22m[2m │ gzip:   0.84 kB[22m
[2mdist/[22m[36massets/realtyApi-Bax5jEFW.js                  [39m[1m[2m  2.11 kB[22m[1m[22m[2m │ gzip:   0.64 kB[22m
[2mdist/[22m[36massets/savedSearchStore-Doep-h43.js           [39m[1m[2m  2.13 kB[22m[1m[22m[2m │ gzip:   0.90 kB[22m
[2mdist/[22m[36massets/TermsPage-DLo1CQ56.js                  [39m[1m[2m  2.18 kB[22m[1m[22m[2m │ gzip:   0.88 kB[22m
[2mdist/[22m[36massets/PrivacyPage-ClgJqqmM.js                [39m[1m[2m  2.24 kB[22m[1m[22m[2m │ gzip:   0.91 kB[22m
[2mdist/[22m[36massets/CookiesPage-DIKoKoAZ.js                [39m[1m[2m  2.34 kB[22m[1m[22m[2m │ gzip:   0.84 kB[22m
[2mdist/[22m[36massets/FaqPage-DlR5LVm9.js                    [39m[1m[2m  2.36 kB[22m[1m[22m[2m │ gzip:   1.00 kB[22m
[2mdist/[22m[36massets/ContactPage-CPi4KM9_.js                [39m[1m[2m  2.38 kB[22m[1m[22m[2m │ gzip:   0.81 kB[22m
[2mdist/[22m[36massets/HelpCenterPage-5S8NrRoP.js             [39m[1m[2m  2.54 kB[22m[1m[22m[2m │ gzip:   1.04 kB[22m
[2mdist/[22m[36massets/infrastructureApi-DWY_WGTB.js          [39m[1m[2m  2.56 kB[22m[1m[22m[2m │ gzip:   0.90 kB[22m
[2mdist/[22m[36massets/ListingMap-CH-PkHuu.js                 [39m[1m[2m  2.75 kB[22m[1m[22m[2m │ gzip:   1.15 kB[22m
[2mdist/[22m[36massets/UnsubscribePage-ObqgHnNZ.js            [39m[1m[2m  2.80 kB[22m[1m[22m[2m │ gzip:   1.01 kB[22m
[2mdist/[22m[36massets/SecurityPage-BKKJHKk4.js               [39m[1m[2m  2.87 kB[22m[1m[22m[2m │ gzip:   0.96 kB[22m
[2mdist/[22m[36massets/groupDealsApi-DKzqi1r2.js              [39m[1m[2m  2.88 kB[22m[1m[22m[2m │ gzip:   0.98 kB[22m
[2mdist/[22m[36massets/dialog-Dp5643MY.js                     [39m[1m[2m  2.97 kB[22m[1m[22m[2m │ gzip:   1.00 kB[22m
[2mdist/[22m[36massets/OwnerPaymentsPage-BGPOr5r-.js          [39m[1m[2m  3.34 kB[22m[1m[22m[2m │ gzip:   0.91 kB[22m
[2mdist/[22m[36massets/OwnerSubscriptionPage--QmEHxLP.js      [39m[1m[2m  4.11 kB[22m[1m[22m[2m │ gzip:   1.33 kB[22m
[2mdist/[22m[36massets/RentCoLivingPage-C6YqLz45.js           [39m[1m[2m  4.21 kB[22m[1m[22m[2m │ gzip:   1.34 kB[22m
[2mdist/[22m[36massets/OwnerAddPropertyPage-XvWBVfXw.js       [39m[1m[2m  4.32 kB[22m[1m[22m[2m │ gzip:   1.61 kB[22m
[2mdist/[22m[36massets/RentShortTermPage-D8VI9F9s.js          [39m[1m[2m  4.39 kB[22m[1m[22m[2m │ gzip:   1.37 kB[22m
[2mdist/[22m[36massets/AddProperty-CK2YPE8R.js                [39m[1m[2m  4.66 kB[22m[1m[22m[2m │ gzip:   1.28 kB[22m
[2mdist/[22m[36massets/select-DLpZOSMK.js                     [39m[1m[2m  4.72 kB[22m[1m[22m[2m │ gzip:   1.47 kB[22m
[2mdist/[22m[36massets/LayoutUnitsShell-CPMN_BLy.js           [39m[1m[2m  4.73 kB[22m[1m[22m[2m │ gzip:   1.39 kB[22m
[2mdist/[22m[36massets/OwnerEditPropertyPage-DQ-U8nZ8.js      [39m[1m[2m  5.42 kB[22m[1m[22m[2m │ gzip:   1.95 kB[22m
[2mdist/[22m[36massets/PressPage-CdSiJ-AC.js                  [39m[1m[2m  5.48 kB[22m[1m[22m[2m │ gzip:   1.58 kB[22m
[2mdist/[22m[36massets/portalData-CoXYP2f6.js                 [39m[1m[2m  5.66 kB[22m[1m[22m[2m │ gzip:   2.07 kB[22m
[2mdist/[22m[36massets/NotificationsPage-Ce8WWXax.js          [39m[1m[2m  5.82 kB[22m[1m[22m[2m │ gzip:   1.76 kB[22m
[2mdist/[22m[36massets/SavedSearchesPage-Ca2EHAqi.js          [39m[1m[2m  5.85 kB[22m[1m[22m[2m │ gzip:   1.77 kB[22m
[2mdist/[22m[36massets/AdminInfraPreviewPage-Bmtn9NA_.js      [39m[1m[2m  6.35 kB[22m[1m[22m[2m │ gzip:   1.74 kB[22m
[2mdist/[22m[36massets/RentMapPage-DSwtJmRI.js                [39m[1m[2m  6.47 kB[22m[1m[22m[2m │ gzip:   2.12 kB[22m
[2mdist/[22m[36massets/BuyMapPage-BlPV6Wqm.js                 [39m[1m[2m  6.64 kB[22m[1m[22m[2m │ gzip:   2.19 kB[22m
[2mdist/[22m[36massets/FavoritesPage-OsZA7NPH.js              [39m[1m[2m  7.02 kB[22m[1m[22m[2m │ gzip:   2.10 kB[22m
[2mdist/[22m[36massets/LgdLocationInput-BkOX3FhY.js           [39m[1m[2m  7.05 kB[22m[1m[22m[2m │ gzip:   2.27 kB[22m
[2mdist/[22m[36massets/OwnerListingsPage-ChciVQHe.js          [39m[1m[2m  7.07 kB[22m[1m[22m[2m │ gzip:   1.94 kB[22m
[2mdist/[22m[36massets/DealersDirectoryPage-CwbLijKD.js       [39m[1m[2m  7.17 kB[22m[1m[22m[2m │ gzip:   2.03 kB[22m
[2mdist/[22m[36massets/ComparePage-BcPrEyGr.js                [39m[1m[2m  7.85 kB[22m[1m[22m[2m │ gzip:   2.29 kB[22m
[2mdist/[22m[36massets/MarketplaceListingsPage-CTN7n9R8.js    [39m[1m[2m  8.43 kB[22m[1m[22m[2m │ gzip:   2.95 kB[22m
[2mdist/[22m[36massets/OwnerProfilePage-1BlyPpBC.js           [39m[1m[2m  8.90 kB[22m[1m[22m[2m │ gzip:   2.09 kB[22m
[2mdist/[22m[36massets/OwnerLeadsPage-B3PH8isw.js             [39m[1m[2m  9.49 kB[22m[1m[22m[2m │ gzip:   2.37 kB[22m
[2mdist/[22m[36massets/SavedRentalsPage-CrsVtdK9.js           [39m[1m[2m  9.82 kB[22m[1m[22m[2m │ gzip:   2.85 kB[22m
[2mdist/[22m[36massets/FloorDetailPage-053FIXj2.js            [39m[1m[2m 10.06 kB[22m[1m[22m[2m │ gzip:   2.51 kB[22m
[2mdist/[22m[36massets/PropertyListingCard-CRJRFG70.js        [39m[1m[2m 10.15 kB[22m[1m[22m[2m │ gzip:   2.68 kB[22m
[2mdist/[22m[36massets/OwnerDashboardPage-DgyYAtdQ.js         [39m[1m[2m 10.52 kB[22m[1m[22m[2m │ gzip:   2.21 kB[22m
[2mdist/[22m[36massets/CommonBlocks-Bt8BU08W.js               [39m[1m[2m 11.62 kB[22m[1m[22m[2m │ gzip:   3.06 kB[22m
[2mdist/[22m[36massets/AboutPage-CLl64uOm.js                  [39m[1m[2m 11.92 kB[22m[1m[22m[2m │ gzip:   2.80 kB[22m
[2mdist/[22m[36massets/AdminInfraSubscribersPage-CqDcR5Mg.js  [39m[1m[2m 12.01 kB[22m[1m[22m[2m │ gzip:   2.55 kB[22m
[2mdist/[22m[36massets/BlogPage-BOTnRkwG.js                   [39m[1m[2m 12.19 kB[22m[1m[22m[2m │ gzip:   3.96 kB[22m
[2mdist/[22m[36massets/ForgotPassword-D8E7KxGr.js             [39m[1m[2m 12.23 kB[22m[1m[22m[2m │ gzip:   2.79 kB[22m
[2mdist/[22m[36massets/EarlySupportersPage-BMJtA_BZ.js        [39m[1m[2m 12.83 kB[22m[1m[22m[2m │ gzip:   3.14 kB[22m
[2mdist/[22m[36massets/NewProjectPage-oV9gmtu1.js             [39m[1m[2m 13.12 kB[22m[1m[22m[2m │ gzip:   3.56 kB[22m
[2mdist/[22m[36massets/CareerPage-D2hXoMoT.js                 [39m[1m[2m 13.13 kB[22m[1m[22m[2m │ gzip:   3.59 kB[22m
[2mdist/[22m[36massets/OwnerRentalsPage--NB_d2rC.js           [39m[1m[2m 13.19 kB[22m[1m[22m[2m │ gzip:   3.43 kB[22m
[2mdist/[22m[36massets/AdminInfraAddPage-B8YTu7Qq.js          [39m[1m[2m 13.48 kB[22m[1m[22m[2m │ gzip:   3.11 kB[22m
[2mdist/[22m[36massets/InsightsComparePage-DUyXUNLU.js        [39m[1m[2m 14.02 kB[22m[1m[22m[2m │ gzip:   3.02 kB[22m
[2mdist/[22m[36massets/DeveloperPage-C-XIRyyD.js              [39m[1m[2m 14.99 kB[22m[1m[22m[2m │ gzip:   3.25 kB[22m
[2mdist/[22m[36massets/Register-DS77yKaP.js                   [39m[1m[2m 15.47 kB[22m[1m[22m[2m │ gzip:   3.79 kB[22m
[2mdist/[22m[36massets/GroupDealsPage-DJsXbIjB.js             [39m[1m[2m 15.73 kB[22m[1m[22m[2m │ gzip:   3.77 kB[22m
[2mdist/[22m[36massets/InsightsNewsPage-CvFutcxU.js           [39m[1m[2m 17.15 kB[22m[1m[22m[2m │ gzip:   3.95 kB[22m
[2mdist/[22m[36massets/GroupDealDetailPage-DtkG_vs5.js        [39m[1m[2m 17.85 kB[22m[1m[22m[2m │ gzip:   3.90 kB[22m
[2mdist/[22m[36massets/EAuctionPage-DvNtIPXY.js               [39m[1m[2m 18.37 kB[22m[1m[22m[2m │ gzip:   4.97 kB[22m
[2mdist/[22m[36massets/UnitsListPage-Bgw4svTu.js              [39m[1m[2m 18.49 kB[22m[1m[22m[2m │ gzip:   3.90 kB[22m
[2mdist/[22m[36massets/InsightsProjectsPage-CmsjRn9B.js       [39m[1m[2m 20.38 kB[22m[1m[22m[2m │ gzip:   4.25 kB[22m
[2mdist/[22m[36massets/InsightsMarketPage-COKhqaTy.js         [39m[1m[2m 21.50 kB[22m[1m[22m[2m │ gzip:   4.62 kB[22m
[2mdist/[22m[36massets/AdminInfraManagePage-BdpRhy2L.js       [39m[1m[2m 21.58 kB[22m[1m[22m[2m │ gzip:   4.20 kB[22m
[2mdist/[22m[36massets/Dashboard-pRWwprm0.js                  [39m[1m[2m 23.03 kB[22m[1m[22m[2m │ gzip:   3.83 kB[22m
[2mdist/[22m[36massets/ConstructWithUsPage-Ca8--kQi.js        [39m[1m[2m 24.75 kB[22m[1m[22m[2m │ gzip:   5.07 kB[22m
[2mdist/[22m[36massets/TeamAdminPage-BCuV69iB.js              [39m[1m[2m 25.54 kB[22m[1m[22m[2m │ gzip:   4.54 kB[22m
[2mdist/[22m[36massets/ImageCropDialog-RiUtGqCs.js            [39m[1m[2m 26.86 kB[22m[1m[22m[2m │ gzip:   8.12 kB[22m
[2mdist/[22m[36massets/LayoutUnitBuilderPage-ClrHcW52.js      [39m[1m[2m 27.29 kB[22m[1m[22m[2m │ gzip:   5.86 kB[22m
[2mdist/[22m[36massets/RentDetailsPage--KX0QgFZ.js            [39m[1m[2m 27.42 kB[22m[1m[22m[2m │ gzip:   6.16 kB[22m
[2mdist/[22m[36massets/Login-B-ODeQry.js                      [39m[1m[2m 28.41 kB[22m[1m[22m[2m │ gzip:   6.51 kB[22m
[2mdist/[22m[36massets/AdminInfraInboxPage-DFfqCPMz.js        [39m[1m[2m 28.63 kB[22m[1m[22m[2m │ gzip:   6.98 kB[22m
[2mdist/[22m[36massets/OwnerPropertyForm-DgPowbEN.js          [39m[1m[2m 31.71 kB[22m[1m[22m[2m │ gzip:   5.25 kB[22m
[2mdist/[22m[36massets/AdminGroupDealsPage-DwQBGw4r.js        [39m[1m[2m 32.22 kB[22m[1m[22m[2m │ gzip:   5.65 kB[22m
[2mdist/[22m[36massets/icons-BxTSVcxs.js                      [39m[1m[2m 33.93 kB[22m[1m[22m[2m │ gzip:  11.26 kB[22m
[2mdist/[22m[36massets/OwnerAnalyticsPage-BsBrfVa8.js         [39m[1m[2m 34.54 kB[22m[1m[22m[2m │ gzip:   5.81 kB[22m
[2mdist/[22m[36massets/CompanyProfilePage-DZfQhTJi.js         [39m[1m[2m 39.58 kB[22m[1m[22m[2m │ gzip:   8.26 kB[22m
[2mdist/[22m[36massets/ProjectDetailsPage-BImZlpG8.js         [39m[1m[2m 39.64 kB[22m[1m[22m[2m │ gzip:   7.44 kB[22m
[2mdist/[22m[36massets/InfrastructureTrackerPage-C8Yssd1p.js  [39m[1m[2m 39.65 kB[22m[1m[22m[2m │ gzip:   9.11 kB[22m
[2mdist/[22m[36massets/PortalPropertyDetailsPage-CuUEZCzA.js  [39m[1m[2m 40.14 kB[22m[1m[22m[2m │ gzip:   6.71 kB[22m
[2mdist/[22m[36massets/RentPage-DO0A7UXG.js                   [39m[1m[2m 41.03 kB[22m[1m[22m[2m │ gzip:   7.48 kB[22m
[2mdist/[22m[36massets/InvestPage-Dhr2Rj50.js                 [39m[1m[2m 43.76 kB[22m[1m[22m[2m │ gzip:   9.56 kB[22m
[2mdist/[22m[36massets/BuyPropertyDetailsPage-CxOJX5Rt.js     [39m[1m[2m 46.46 kB[22m[1m[22m[2m │ gzip:   9.49 kB[22m
[2mdist/[22m[36massets/ProfilePage-BBV7tCzQ.js                [39m[1m[2m 48.27 kB[22m[1m[22m[2m │ gzip:  10.26 kB[22m
[2mdist/[22m[36massets/SellPage-uMswAghr.js                   [39m[1m[2m 48.59 kB[22m[1m[22m[2m │ gzip:   9.96 kB[22m
[2mdist/[22m[36massets/BuildingMaterialsPage-Btju1BMI.js      [39m[1m[2m 56.74 kB[22m[1m[22m[2m │ gzip:  11.21 kB[22m
[2mdist/[22m[36massets/PortalHomePage-C5uKzFRj.js             [39m[1m[2m 65.78 kB[22m[1m[22m[2m │ gzip:  12.63 kB[22m
[2mdist/[22m[36massets/RentMarketplacePage-BOU_hpjn.js        [39m[1m[2m 68.06 kB[22m[1m[22m[2m │ gzip:  12.86 kB[22m
[2mdist/[22m[36massets/AdminDeskPage-DNyj_o3m.js              [39m[1m[2m 70.79 kB[22m[1m[22m[2m │ gzip:  12.80 kB[22m
[2mdist/[22m[36massets/BuyPage-dDUh4uda.js                    [39m[1m[2m 80.31 kB[22m[1m[22m[2m │ gzip:  17.06 kB[22m
[2mdist/[22m[36massets/MessagesPage-RGGKxKv-.js               [39m[1m[2m 84.57 kB[22m[1m[22m[2m │ gzip:  24.20 kB[22m
[2mdist/[22m[36massets/DealersBuildersPage-PQTUQ38o.js        [39m[1m[2m111.03 kB[22m[1m[22m[2m │ gzip:  16.79 kB[22m
[2mdist/[22m[36massets/animations-B2uKOqL4.js                 [39m[1m[2m113.54 kB[22m[1m[22m[2m │ gzip:  45.01 kB[22m
[2mdist/[22m[36massets/ui-kit-ODgKw8n3.js                     [39m[1m[2m134.94 kB[22m[1m[22m[2m │ gzip:  43.89 kB[22m
[2mdist/[22m[36massets/maps-F5kIeJiM.js                       [39m[1m[2m152.40 kB[22m[1m[22m[2m │ gzip:  33.67 kB[22m
[2mdist/[22m[36massets/charts-CS1HE6yn.js                     [39m[1m[2m432.72 kB[22m[1m[22m[2m │ gzip: 117.15 kB[22m
[2mdist/[22m[36massets/index-BSnZBKaz.js                      [39m[1m[33m557.01 kB[39m[22m[2m │ gzip: 153.50 kB[22m
[33m
(!) Some chunks are larger than 500 kB after minification. Consider:
- Using dynamic import() to code-split the application
- Use build.rollupOptions.output.manualChunks to improve chunking: https://rollupjs.org/configuration-options/#output-manualchunks
- Adjust chunk size limit for this warning via build.chunkSizeWarningLimit.[39m
[32m✓ built in 32.37s[39m
